\BOOKMARK [0][-]{chapter.1}{\376\377\000A\000n\000a\000l\000y\000s\000i\000s\000\040\000p\000a\000c\000k\000a\000g\000e}{}% 1
\BOOKMARK [1][-]{section.1.1}{\376\377\000S\000u\000b\000m\000o\000d\000u\000l\000e\000s}{chapter.1}% 2
\BOOKMARK [1][-]{section.1.2}{\376\377\000A\000n\000a\000l\000y\000s\000i\000s\000.\000p\000l\000o\000t\000s\000\040\000m\000o\000d\000u\000l\000e}{chapter.1}% 3
\BOOKMARK [1][-]{section.1.3}{\376\377\000M\000o\000d\000u\000l\000e\000\040\000c\000o\000n\000t\000e\000n\000t\000s}{chapter.1}% 4
\BOOKMARK [0][-]{chapter.2}{\376\377\000D\000a\000t\000a\000\040\000p\000a\000c\000k\000a\000g\000e}{}% 5
\BOOKMARK [1][-]{section.2.1}{\376\377\000S\000u\000b\000m\000o\000d\000u\000l\000e\000s}{chapter.2}% 6
\BOOKMARK [1][-]{section.2.2}{\376\377\000D\000a\000t\000a\000.\000l\000o\000a\000d\000e\000r\000\040\000m\000o\000d\000u\000l\000e}{chapter.2}% 7
\BOOKMARK [1][-]{section.2.3}{\376\377\000M\000o\000d\000u\000l\000e\000\040\000c\000o\000n\000t\000e\000n\000t\000s}{chapter.2}% 8
\BOOKMARK [0][-]{chapter.3}{\376\377\000K\000e\000r\000n\000e\000l\000s\000\040\000p\000a\000c\000k\000a\000g\000e}{}% 9
\BOOKMARK [1][-]{section.3.1}{\376\377\000S\000u\000b\000m\000o\000d\000u\000l\000e\000s}{chapter.3}% 10
\BOOKMARK [1][-]{section.3.2}{\376\377\000K\000e\000r\000n\000e\000l\000s\000.\000a\000l\000l\000\137\000k\000e\000r\000n\000e\000l\000s\000\040\000m\000o\000d\000u\000l\000e}{chapter.3}% 11
\BOOKMARK [1][-]{section.3.3}{\376\377\000K\000e\000r\000n\000e\000l\000s\000.\000b\000a\000s\000e\000\040\000m\000o\000d\000u\000l\000e}{chapter.3}% 12
\BOOKMARK [1][-]{section.3.4}{\376\377\000K\000e\000r\000n\000e\000l\000s\000.\000c\000u\000s\000t\000o\000m\000\040\000m\000o\000d\000u\000l\000e}{chapter.3}% 13
\BOOKMARK [1][-]{section.3.5}{\376\377\000M\000o\000d\000u\000l\000e\000\040\000c\000o\000n\000t\000e\000n\000t\000s}{chapter.3}% 14
\BOOKMARK [0][-]{chapter.4}{\376\377\000M\000o\000d\000e\000l\000\040\000p\000a\000c\000k\000a\000g\000e}{}% 15
\BOOKMARK [1][-]{section.4.1}{\376\377\000S\000u\000b\000m\000o\000d\000u\000l\000e\000s}{chapter.4}% 16
\BOOKMARK [1][-]{section.4.2}{\376\377\000M\000o\000d\000e\000l\000.\000e\000v\000a\000l\000u\000a\000t\000e\000\040\000m\000o\000d\000u\000l\000e}{chapter.4}% 17
\BOOKMARK [1][-]{section.4.3}{\376\377\000M\000o\000d\000e\000l\000.\000t\000r\000a\000i\000n\000\040\000m\000o\000d\000u\000l\000e}{chapter.4}% 18
\BOOKMARK [1][-]{section.4.4}{\376\377\000M\000o\000d\000u\000l\000e\000\040\000c\000o\000n\000t\000e\000n\000t\000s}{chapter.4}% 19
\BOOKMARK [0][-]{chapter.5}{\376\377\000e\000x\000p\000e\000r\000i\000m\000e\000n\000t\000s\000\040\000m\000o\000d\000u\000l\000e}{}% 20
\BOOKMARK [0][-]{chapter.6}{\376\377\000h\000y\000p\000e\000r\000\137\000o\000p\000t\000\040\000m\000o\000d\000u\000l\000e}{}% 21
\BOOKMARK [0][-]{section*.25}{\376\377\000P\000y\000t\000h\000o\000n\000\040\000M\000o\000d\000u\000l\000e\000\040\000I\000n\000d\000e\000x}{}% 22
