This is pdfTeX, Version 3.141592653-2.6-1.40.25 (MiKTeX 24.1) (preloaded format=pdflatex 2024.4.26)  15 MAY 2025 15:48
entering extended mode
 restricted \write18 enabled.
 %&-line parsing enabled.
**c:/Users/alvar/Documents/SVMS_EXP/docs/build/latex/svmsandqsvm.tex
(c:/Users/alvar/Documents/SVMS_EXP/docs/build/latex/svmsandqsvm.tex
LaTeX2e <2023-11-01> patch level 1
L3 programming layer <2024-01-04>

! LaTeX Error: File `sphinxmanual.cls' not found.

Type X to quit or <RETURN> to proceed,
or enter new name. (Default extension: cls)

Enter file name: 
! Emergency stop.
<read *> 
         
l.4 \ifdefined
              \pdfpxdimen^^M
End of file on the terminal!

 
Here is how much of TeX's memory you used:
 25 strings out of 474485
 674 string characters out of 5743734
 1924542 words of memory out of 5000000
 22411 multiletter control sequences out of 15000+600000
 558069 words of font info for 36 fonts, out of 8000000 for 9000
 1141 hyphenation exceptions out of 8191
 19i,0n,29p,123b,17s stack positions out of 10000i,1000n,20000p,200000b,200000s
!  ==> Fatal error occurred, no output PDF file produced!
